// Jest Snapshot v1, https://goo.gl/fbAQLP

exports[`MovieContainer tests should match the snapshot 1`] = `
ShallowWrapper {
  "length": 1,
  Symbol(enzyme.__root__): [Circular],
  Symbol(enzyme.__unrendered__): <Provider>
    <Unknown
        favorites={
            Array [
                Object {
                  "title": "Movie",
                },
              ]
        }
        hasErrored={true}
        isLoading={true}
        location={Object {}}
        movies={
            Array [
                Object {
                  "title": "Movie",
                },
              ]
        }
    />
</Provider>,
  Symbol(enzyme.__renderer__): Object {
    "batchedUpdates": [Function],
    "getNode": [Function],
    "render": [Function],
    "simulateEvent": [Function],
    "unmount": [Function],
  },
  Symbol(enzyme.__node__): Object {
    "instance": null,
    "key": undefined,
    "nodeType": "function",
    "props": Object {
      "favorites": Array [
        Object {
          "title": "Movie",
        },
      ],
      "hasErrored": true,
      "isLoading": true,
      "location": Object {},
      "movies": Array [
        Object {
          "title": "Movie",
        },
      ],
    },
    "ref": null,
    "rendered": null,
    "type": undefined,
  },
  Symbol(enzyme.__nodes__): Array [
    Object {
      "instance": null,
      "key": undefined,
      "nodeType": "function",
      "props": Object {
        "favorites": Array [
          Object {
            "title": "Movie",
          },
        ],
        "hasErrored": true,
        "isLoading": true,
        "location": Object {},
        "movies": Array [
          Object {
            "title": "Movie",
          },
        ],
      },
      "ref": null,
      "rendered": null,
      "type": undefined,
    },
  ],
  Symbol(enzyme.__options__): Object {
    "adapter": ReactSixteenAdapter {
      "options": Object {
        "enableComponentDidUpdateOnSetState": true,
      },
    },
  },
}
`;
